019 12:21:46

rst:0x1 (POWERON_RESET),boot:0x1ï¿½ets Jul 29 2019 12:21:46

rst:0x1 (POWERON_RESET),boot:0x13 (SPI_FAST_FLASH_BOOT)
configsip: 0, SPIWP:0xee
clk_drv:0x00,q_drv:0x00,d_drv:0x00,cs0_drv:0x00,hd_drv:0x00,wp_drv:0x00
mode:DIO, clock div:2
load:0x3fff0030,len:6276
load:0x40078000,len:15748
load:0x40080400,len:4
ho 8 tail 4 room 4
load:0x40080404,len:3860
entry 0x4008063c
[0;32mI (31) boot: ESP-IDF v5.4.1 2nd stage bootloader[0m
[0;32mI (31) boot: compile time Jun 23 2025 17:33:57[0m
[0;32mI (31) boot: Multicore bootloader[0m
[0;32mI (32) boot: chip revision: v3.1[0m
[0;32mI (35) boot.esp32: SPI Speed      : 40MHz[0m
[0;32mI (39) boot.esp32: SPI Mode       : DIO[0m
[0;32mI (43) boot.esp32: SPI Flash Size : 2MB[0m
[0;32mI (46) boot: Enabling RNG early entropy source...[0m
[0;32mI (51) boot: Partition Table:[0m
[0;32mI (53) boot: ## Label            Usage          Type ST Offset   Length[0m
[0;32mI (60) boot:  0 nvs              WiFi data        01 02 00009000 00006000[0m
[0;32mI (66) boot:  1 phy_init         RF data          01 01 0000f000 00001000[0m
[0;32mI (73) boot:  2 factory          factory app      00 00 00010000 00100000[0m
[0;32mI (79) boot: End of partition table[0m
[0;32mI (82) esp_image: segment 0: paddr=00010020 vaddr=3f400020 size=12154h ( 74068) map[0m
[0;32mI (115) esp_image: segment 1: paddr=0002217c vaddr=3ff80000 size=0001ch (    28) load[0m
[0;32mI (115) esp_image: segment 2: paddr=000221a0 vaddr=3ffbdb60 size=04480h ( 17536) load[0m
[0;32mI (126) esp_image: segment 3: paddr=00026628 vaddr=40080000 size=099f0h ( 39408) load[0m
[0;32mI (142) esp_image: segment 4: paddr=00030020 vaddr=400d0020 size=6391ch (407836) map[0m
[0;32mI (282) esp_image: segment 5: paddr=00093944 vaddr=400899f0 size=0d8b4h ( 55476) load[0m
[0;32mI (315) boot: Loaded app from partition at offset 0x10000[0m
[0;32mI (315) boot: Disabling RNG early entropy source...[0m
[0;32mI (325) cpu_start: Multicore app[0m
[0;32mI (333) cpu_start: Pro cpu start user code[0m
[0;32mI (334) cpu_start: cpu freq: 160000000 Hz[0m
[0;32mI (334) app_init: Application information:[0m
[0;32mI (334) app_init: Project name:     bt_spp_acceptor_demo[0m
[0;32mI (339) app_init: App version:      1[0m
[0;32mI (342) app_init: Compile time:     Jun 23 2025 17:33:00[0m
[0;32mI (347) app_init: ELF file SHA256:  dc6019df7...[0m
[0;32mI (351) app_init: ESP-IDF:          v5.4.1[0m
[0;32mI (355) efuse_init: Min chip rev:     v0.0[0m
[0;32mI (359) efuse_init: Max chip rev:     v3.99 [0m
[0;32mI (363) efuse_init: Chip rev:         v3.1[0m
[0;32mI (367) heap_init: Initializing. RAM available for dynamic allocation:[0m
[0;32mI (373) heap_init: At 3FFAFF10 len 000000F0 (0 KiB): DRAM[0m
[0;32mI (378) heap_init: At 3FFB6388 len 00001C78 (7 KiB): DRAM[0m
[0;32mI (383) heap_init: At 3FFB9A20 len 00004108 (16 KiB): DRAM[0m
[0;32mI (389) heap_init: At 3FFC7EE0 len 00018120 (96 KiB): DRAM[0m
[0;32mI (394) heap_init: At 3FFE0440 len 00003AE0 (14 KiB): D/IRAM[0m
[0;32mI (399) heap_init: At 3FFE4350 len 0001BCB0 (111 KiB): D/IRAM[0m
[0;32mI (405) heap_init: At 400972A4 len 00008D5C (35 KiB): IRAM[0m
[0;32mI (412) spi_flash: detected chip: generic[0m
[0;32mI (414) spi_flash: flash io: dio[0m
[0;33mW (417) spi_flash: Detected size(4096k) larger than the size in the binary image header(2048k). Using the size in the binary image header.[0m
[0;32mI (430) main_task: Started on CPU0[0m
[0;32mI (440) main_task: Calling app_main()[0m
[0;32mI (450) BTDM_INIT: BT controller compile version [dc1cd58][0m
[0;32mI (450) BTDM_INIT: Bluetooth MAC: ac:15:18:d4:ac:d6[0m
[0;32mI (450) phy_init: phy_version 4860,6b7a6e5,Feb  6 2025,14:47:07[0m
[0;32mI (530) phy_init: Saving new calibration data due to checksum failure or outdated calibration data, mode(0)[0m
Coex register Wi-Fi channel change btdm cb faild
[1;31mE (1060) OBDLINK_EMULATOR: Enabled bluedroid[0m
[1;31mE (1060) OBDLINK_EMULATOR: Sniff mode disabled via BTM_SetDefaultLinkPolicy[0m
[0;32mI (1060) OBDLINK_EMULATOR: ESP_SPP_INIT_EVT[0m
[0;32mI (1060) OBDLINK_EMULATOR: ESP_SPP_START_EVT handle:129 sec_id:55 scn:1[0m
[0;32mI (1070) OBDLINK_EMULATOR: event: 10[0m
[0;32mI (1070) OBDLINK_EMULATOR: Own address:[ac:15:18:d4:ac:d6][0m
[1;31mE (1080) OBDLINK_EMULATOR: about to hit init_uart[0m
[1;31mE (1080) OBDLINK_EMULATOR: init uart[0m
[0;32mI (1080) main_task: Returned from app_main()[0m
[0;33mW (1100) OBDLINK_EMULATOR: Byte: ï¿½
[0;33mW (1200) OBDLINK_EMULATOR: Byte: 7[0m
[0;33mW (1300) OBDLINK_EMULATOR: Byte: ,[0m
[0;33mW (1400) OBDLINK_EMULATOR: Byte: 3[0m
[0;33mW (1500) OBDLINK_EMULATOR: Byte: 7[0m
[0;33mW (1600) OBDLINK_EMULATOR: Byte: [0m

[0;33mW (1700) OBDLINK_EMULATOR: Byte: 2[0m
[0;33mW (1800) OBDLINK_EMULATOR: Byte: 4[0m
[0;33mW (1900) OBDLINK_EMULATOR: Byte: 0[0m
[0;33mW (2000) OBDLINK_EMULATOR: Byte: ,[0m
[0;33mW (2100) OBDLINK_EMULATOR: Byte: 3[0m
[0;33mW (2200) OBDLINK_EMULATOR: Byte: 7[0m
[0;33mW (2300) OBDLINK_EMULATOR: Byte: ,[0m
[0;33mW (2400) OBDLINK_EMULATOR: Byte: 7[0m
[0;33mW (2500) OBDLINK_EMULATOR: Byte: 7[0m
[0;33mW (2600) OBDLINK_EMULATOR: Byte: [0m

[0;33mW (2700) OBDLINK_EMULATOR: Byte: 4[0m
[0;33mW (2800) OBDLINK_EMULATOR: Byte: 7[0m
[0;33mW (2900) OBDLINK_EMULATOR: Byte: 8[0m
[0;33mW (3000) OBDLINK_EMULATOR: Byte: 3[0m
[0;33mW (3100) OBDLINK_EMULATOR: Byte: ,[0m
[0;33mW (3200) OBDLINK_EMULATOR: Byte: 6[0m
[0;33mW (3300) OBDLINK_EMULATOR: Byte: 6[0m
[0;33mW (3400) OBDLINK_EMULATOR: Byte: ,[0m
[0;33mW (3500) OBDLINK_EMULATOR: Byte: 7[0m
[0;33mW (3600) OBDLINK_EMULATOR: Byte: 3[0m
[0;33mW (3700) OBDLINK_EMULATOR: Byte: [0m

[0;33mW (3800) OBDLINK_EMULATOR: Byte: 2[0m
[0;33mW (3900) OBDLINK_EMULATOR: Byte: 4[0m
[0;33mW (4000) OBDLINK_EMULATOR: Byte: 4[0m
[0;33mW (4100) OBDLINK_EMULATOR: Byte: 3[0m
[0;33mW (4200) OBDLINK_EMULATOR: Byte: ,[0m
[0;33mW (4300) OBDLINK_EMULATOR: Byte: 9[0m
[0;33mW (4400) OBDLINK_EMULATOR: Byte: ,[0m
[0;33mW (4500) OBDLINK_EMULATOR: Byte: 7[0m
[0;33mW (4600) OBDLINK_EMULATOR: Byte: 5[0m
[0;33mW (4700) OBDLINK_EMULATOR: Byte: [0m

[0;33mW (4800) OBDLINK_EMULATOR: Byte: 3[0m
[0;33mW (4900) OBDLINK_EMULATOR: Byte: 0[0m
[0;33mW (5000) OBDLINK_EMULATOR: Byte: 2[0m
[0;33mW (5100) OBDLINK_EMULATOR: Byte: ,[0m
[0;33mW (5200) OBDLINK_EMULATOR: Byte: 9[0m
[0;33mW (5300) OBDLINK_EMULATOR: Byte: 0[0m
[0;33mW (5400) OBDLINK_EMULATOR: Byte: ,[0m
[0;33mW (5500) OBDLINK_EMULATOR: Byte: 2[0m
[0;33mW (5600) OBDLINK_EMULATOR: Byte: 0[0m
[0;33mW (5700) OBDLINK_EMULATOR: Byte: [0m

[0;33mW (5800) OBDLINK_EMULATOR: Byte: 3[0m
[0;33mW (5900) OBDLINK_EMULATOR: Byte: 8[0m
[0;33mW (6000) OBDLINK_EMULATOR: Byte: 0[0m
[0;33mW (6100) OBDLINK_EMULATOR: Byte: 4[0m
[0;33mW (6200) OBDLINK_EMULATOR: Byte: ,[0m
[0;33mW (6300) OBDLINK_EMULATOR: Byte: 4[0m
[0;33mW (6400) OBDLINK_EMULATOR: Byte: 7[0m
[0;33mW (6500) OBDLINK_EMULATOR: Byte: ,[0m
[0;33mW (6600) OBDLINK_EMULATOR: Byte: 1[0m
[0;33mW (6700) OBDLINK_EMULATOR: Byte: 4[0m
[0;33mW (6800) OBDLINK_EMULATOR: Byte: [0m

[0;33mW (6900) OBDLINK_EMULATOR: Byte: 1[0m
[0;33mW (7000) OBDLINK_EMULATOR: Byte: 6[0m
[0;33mW (7100) OBDLINK_EMULATOR: Byte: 0[0m
[0;33mW (7200) OBDLINK_EMULATOR: Byte: 7[0m
[0;33mW (7300) OBDLINK_EMULATOR: Byte: ,[0m
[0;33mW (7400) OBDLINK_EMULATOR: Byte: 9[0m
[0;33mW (7500) OBDLINK_EMULATOR: Byte: 1[0m
[0;33mW (7600) OBDLINK_EMULATOR: Byte: ,[0m
[0;33mW (7700) OBDLINK_EMULATOR: Byte: 7[0m
[0;33mW (7800) OBDLINK_EMULATOR: Byte: 4[0m
[0;33mW (7900) OBDLINK_EMULATOR: Byte: [0m

[0;33mW (8000) OBDLINK_EMULATOR: Byte: 5[0m
[0;33mW (8100) OBDLINK_EMULATOR: Byte: 4[0m
[0;33mW (8200) OBDLINK_EMULATOR: Byte: 3[0m
[0;33mW (8300) OBDLINK_EMULATOR: Byte: 4[0m
[0;33mW (8400) OBDLINK_EMULATOR: Byte: ,[0m
[0;33mW (8500) OBDLINK_EMULATOR: Byte: 3[0m
[0;33mW (8600) OBDLINK_EMULATOR: Byte: 3[0m
[0;33mW (8700) OBDLINK_EMULATOR: Byte: ,[0m
[0;33mW (8800) OBDLINK_EMULATOR: Byte: 6[0m
[0;33mW (8900) OBDLINK_EMULATOR: Byte: 0[0m
