s Jul 29 2019 12:21:46

rst:0x1 (POWERON_RESEï¿½ets Jul 29 2019 12:21:46

rst:0x1 (POWERON_RESET),boot:0x13 (SPI_FAST_FLASH_BOOT)
configsip: 0, SPIWP:0xee
clk_drv:0x00,q_drv:0x00,d_drv:0x00,cs0_drv:0x00,hd_drv:0x00,wp_drv:0x00
mode:DIO, clock div:2
load:0x3fff0030,len:6276
load:0x40078000,len:15748
load:0x40080400,len:4
ho 8 tail 4 room 4
load:0x40080404,len:3860
entry 0x4008063c
[0;32mI (31) boot: ESP-IDF v5.4.1 2nd stage bootloader[0m
[0;32mI (31) boot: compile time Jun 23 2025 21:08:11[0m
[0;32mI (31) boot: Multicore bootloader[0m
[0;32mI (32) boot: chip revision: v3.1[0m
[0;32mI (35) boot.esp32: SPI Speed      : 40MHz[0m
[0;32mI (39) boot.esp32: SPI Mode       : DIO[0m
[0;32mI (43) boot.esp32: SPI Flash Size : 2MB[0m
[0;32mI (46) boot: Enabling RNG early entropy source...[0m
[0;32mI (51) boot: Partition Table:[0m
[0;32mI (53) boot: ## Label            Usage          Type ST Offset   Length[0m
[0;32mI (60) boot:  0 nvs              WiFi data        01 02 00009000 00006000[0m
[0;32mI (66) boot:  1 phy_init         RF data          01 01 0000f000 00001000[0m
[0;32mI (73) boot:  2 factory          factory app      00 00 00010000 00100000[0m
[0;32mI (79) boot: End of partition table[0m
[0;32mI (82) esp_image: segment 0: paddr=00010020 vaddr=3f400020 size=116f4h ( 71412) map[0m
[0;32mI (114) esp_image: segment 1: paddr=0002171c vaddr=3ff80000 size=0001ch (    28) load[0m
[0;32mI (115) esp_image: segment 2: paddr=00021740 vaddr=3ffbdb60 size=04450h ( 17488) load[0m
[0;32mI (125) esp_image: segment 3: paddr=00025b98 vaddr=40080000 size=0a480h ( 42112) load[0m
[0;32mI (142) esp_image: segment 4: paddr=00030020 vaddr=400d0020 size=62df8h (404984) map[0m
[0;32mI (281) esp_image: segment 5: paddr=00092e20 vaddr=4008a480 size=0cd1ch ( 52508) load[0m
[0;32mI (312) boot: Loaded app from partition at offset 0x10000[0m
[0;32mI (313) boot: Disabling RNG early entropy source...[0m
[0;33mW (334) spi_flash: Detected size(4096k) larger than the size in the binary image header(2048k). Using the size in the binary image header.[0m
Coex register Wi-Fi channel change btdm cb faild
[1;31mE (1601) OBDLINK_EMULATOR: Enabled bluedroid[0m
[1;31mE (1601) OBDLINK_EMULATOR: Sniff mode disabled via BTM_SetDefaultLinkPolicy[0m
[0;33mW (8291) OBDLINK_EMULATOR: Canbus mode detected, sending OK[0m
[0;33mW (11791) OBDLINK_EMULATOR: Handshake complete[0m
[0;33mW (24931) OBDLINK_EMULATOR: Monitor stop[0m
[0;33mW (44981) OBDLINK_EMULATOR: Handshake message, sending OK[0m
[0;33mW (45011) OBDLINK_EMULATOR: Handshake message, sending OK[0m
[0;33mW (45061) OBDLINK_EMULATOR: Handshake message, sending OK[0m
[0;33mW (45131) OBDLINK_EMULATOR: Handshake message, sending OK[0m
[0;33mW (45141) OBDLINK_EMULATOR: Canbus mode detected, sending OK[0m
[0;33mW (45151) OBDLINK_EMULATOR: Unparsed Message received, sending OK[0m
[0;33mW (45191) OBDLINK_EMULATOR: Unparsed Message received, sending OK[0m
[0;33mW (45261) OBDLINK_EMULATOR: Unparsed Message received, sending OK[0m
[0;33mW (45321) OBDLINK_EMULATOR: Unparsed Message received, sending OK[0m
[0;33mW (45361) OBDLINK_EMULATOR: Unparsed Message received, sending OK[0m
[0;33mW (45421) OBDLINK_EMULATOR: Unparsed Message received, sending OK[0m
[0;33mW (45451) OBDLINK_EMULATOR: Unparsed Message received, sending OK[0m
[0;33mW (45491) OBDLINK_EMULATOR: Unparsed Message received, sending OK[0m
[0;33mW (45521) OBDLINK_EMULATOR: Unparsed Message received, sending OK[0m
[0;33mW (45581) OBDLINK_EMULATOR: Handshake complete[0m
[0;33mW (55131) OBDLINK_EMULATOR: Monitor stop[0m
[0;33mW (74301) OBDLINK_EMULATOR: Handshake message, sending OK[0m
[0;33mW (74401) OBDLINK_EMULATOR: Handshake message, sending OK[0m
[0;33mW (74451) OBDLINK_EMULATOR: Handshake message, sending OK[0m
[0;33mW (74521) OBDLINK_EMULATOR: Handshake message, sending OK[0m
[0;33mW (74621) OBDLINK_EMULATOR: Canbus mode detected, sending OK[0m
[0;33mW (74661) OBDLINK_EMULATOR: Unparsed Message received, sending OK[0m
[0;33mW (74751) OBDLINK_EMULATOR: Unparsed Message received, sending OK[0m
[0;33mW (74841) OBDLINK_EMULATOR: Unparsed Message received, sending OK[0m
[0;33mW (74871) OBDLINK_EMULATOR: Unparsed Message received, sending OK[0m
[0;33mW (74951) OBDLINK_EMULATOR: Unparsed Message received, sending OK[0m
[0;33mW (74981) OBDLINK_EMULATOR: Unparsed Message received, sending OK[0m
[0;33mW (75091) OBDLINK_EMULATOR: Unparsed Message received, sending OK[0m
[0;33mW (75191) OBDLINK_EMULATOR: Unparsed Message received, sending OK[0m
[0;33mW (75311) OBDLINK_EMULATOR: Unparsed Message received, sending OK[0m
[0;33mW (75401) OBDLINK_EMULATOR: Handshake complete[0m
[0;33mW (93931) OBDLINK_EMULATOR: Monitor stop[0m
