s Jul 29 2019 12:21:46

rst:0x1 (POWERON_RESET),boot:0x1ï¿½ets Jul 29 2019 12:21:46

rst:0x1 (POWERON_RESET),boot:0x13 (SPI_FAST_FLASH_BOOT)
configsip: 0, SPIWP:0xee
clk_drv:0x00,q_drv:0x00,d_drv:0x00,cs0_drv:0x00,hd_drv:0x00,wp_drv:0x00
mode:DIO, clock div:2
load:0x3fff0030,len:6276
load:0x40078000,len:15748
load:0x40080400,len:4
ho 8 tail 4 room 4
load:0x40080404,len:3860
entry 0x4008063c
[0;32mI (31) boot: ESP-IDF v5.4.1 2nd stage bootloader[0m
[0;32mI (31) boot: compile time Jun 23 2025 21:08:11[0m
[0;32mI (31) boot: Multicore bootloader[0m
[0;32mI (32) boot: chip revision: v3.1[0m
[0;32mI (35) boot.esp32: SPI Speed      : 40MHz[0m
[0;32mI (39) boot.esp32: SPI Mode       : DIO[0m
[0;32mI (43) boot.esp32: SPI Flash Size : 2MB[0m
[0;32mI (46) boot: Enabling RNG early entropy source...[0m
[0;32mI (51) boot: Partition Table:[0m
[0;32mI (53) boot: ## Label            Usage          Type ST Offset   Length[0m
[0;32mI (60) boot:  0 nvs              WiFi data        01 02 00009000 00006000[0m
[0;32mI (66) boot:  1 phy_init         RF data          01 01 0000f000 00001000[0m
[0;32mI (73) boot:  2 factory          factory app      00 00 00010000 00100000[0m
[0;32mI (79) boot: End of partition table[0m
[0;32mI (82) esp_image: segment 0: paddr=00010020 vaddr=3f400020 size=11714h ( 71444) map[0m
[0;32mI (114) esp_image: segment 1: paddr=0002173c vaddr=3ff80000 size=0001ch (    28) load[0m
[0;32mI (115) esp_image: segment 2: paddr=00021760 vaddr=3ffbdb60 size=04450h ( 17488) load[0m
[0;32mI (125) esp_image: segment 3: paddr=00025bb8 vaddr=40080000 size=0a460h ( 42080) load[0m
[0;32mI (142) esp_image: segment 4: paddr=00030020 vaddr=400d0020 size=62e18h (405016) map[0m
[0;32mI (281) esp_image: segment 5: paddr=00092e40 vaddr=4008a460 size=0cd3ch ( 52540) load[0m
[0;32mI (312) boot: Loaded app from partition at offset 0x10000[0m
[0;32mI (313) boot: Disabling RNG early entropy source...[0m
[0;33mW (334) spi_flash: Detected size(4096k) larger than the size in the binary image header(2048k). Using the size in the binary image header.[0m
Coex register Wi-Fi channel change btdm cb faild
[1;31mE (1584) OBDLINK_EMULATOR: Enabled bluedroid[0m
[1;31mE (1594) OBDLINK_EMULATOR: Sniff mode disabled via BTM_SetDefaultLinkPolicy[0m
[0;33mW (23154) OBDLINK_EMULATOR: Handshake message, sending OK[0m
[0;33mW (23244) OBDLINK_EMULATOR: Handshake message, sending OK[0m
[0;33mW (23354) OBDLINK_EMULATOR: Handshake message, sending OK[0m
[0;33mW (23454) OBDLINK_EMULATOR: Handshake message, sending OK[0m
[0;33mW (23604) OBDLINK_EMULATOR: Canbus mode detected, sending OK[0m
[0;33mW (23684) OBDLINK_EMULATOR: Unparsed Message received, sending OK[0m
[0;33mW (23684) OBDLINK_EMULATOR: Received data: STCSEGR 1[0m
[0;33mW (23714) OBDLINK_EMULATOR: Unparsed Message received, sending OK[0m
[0;33mW (23714) OBDLINK_EMULATOR: Received data: ATH 1[0m
[0;33mW (23804) OBDLINK_EMULATOR: Unparsed Message received, sending OK[0m
[0;33mW (23804) OBDLINK_EMULATOR: Received data: ATD 0[0m
[0;33mW (23954) OBDLINK_EMULATOR: Unparsed Message received, sending OK[0m
[0;33mW (23954) OBDLINK_EMULATOR: Received data: ATPPS[0m
[0;33mW (24044) OBDLINK_EMULATOR: Unparsed Message received, sending OK[0m
[0;33mW (24044) OBDLINK_EMULATOR: Received data: STFAC[0m
[0;33mW (24164) OBDLINK_EMULATOR: Unparsed Message received, sending OK[0m
[0;33mW (24164) OBDLINK_EMULATOR: Received data: STFPA 0123,07FF[0m
[0;33mW (24264) OBDLINK_EMULATOR: Unparsed Message received, sending OK[0m
[0;33mW (24264) OBDLINK_EMULATOR: Received data: STCMM 0[0m
[0;33mW (24384) OBDLINK_EMULATOR: Unparsed Message received, sending OK[0m
[0;33mW (24384) OBDLINK_EMULATOR: Received data: STPO[0m
[0;33mW (24474) OBDLINK_EMULATOR: Unparsed Message received, sending OK[0m
[0;33mW (24474) OBDLINK_EMULATOR: Received data: ATDP[0m
[0;33mW (24594) OBDLINK_EMULATOR: Handshake complete[0m
[0;33mW (62094) OBDLINK_EMULATOR: Monitor stop[0m
